GIT COMMANDS:

Git init
mkdir : to list down the directory
git init demo : initializing the git in empty repo
cd demo : move to demo folder
D:\mygithub\demo>notepad++ README.md : creating a file in repo
 
D:\mygithub\demo>dir    :: listing down the files in the repo
 Volume in drive D is ROHIT
 Volume Serial Number is 8865-DBBE

 Directory of D:\mygithub\demo

12/01/2021  09:12 AM    <DIR>          .
12/01/2021  09:12 AM    <DIR>          ..
12/01/2021  09:13 AM                52 README.md
               1 File(s)             52 bytes
               2 Dir(s)  151,555,149,824 bytes free
			   
D:\mygithub\demo>git status   ( Git status )
On branch master

No commits yet

Untracked files:
  (use "git add <file>..." to include in what will be committed)
        README.md

nothing added to commit but untracked files present (use "git add" to track)

D:\mygithub\demo>git add README.md (GIT ADD FILES)
D:\mygithub\demo>git status
On branch master

No commits yet

Changes to be committed:
  (use "git rm --cached <file>..." to unstage)
        new file:   README.md

//commenting first file:

D:\mygithub\demo>git commit -m"first file in demo repo"
[master (root-commit) 450b103] first file in demo repo
 1 file changed, 3 insertions(+)
 create mode 100644 README.md

D:\mygithub\demo>git status
On branch master
nothing to commit, working tree clean

//Chceking the dir of demo

D:\mygithub\demo>dir
 Volume in drive D is ROHIT
 Volume Serial Number is 8865-DBBE

 Directory of D:\mygithub\demo

12/01/2021  09:12 AM    <DIR>          .
12/01/2021  09:12 AM    <DIR>          ..
12/01/2021  09:13 AM                52 README.md
               1 File(s)             52 bytes
               2 Dir(s)  151,555,145,728 bytes free
			   
//Checking the directory of .git file

D:\mygithub\demo>cd .git/

D:\mygithub\demo\.git>dir
 Volume in drive D is ROHIT
 Volume Serial Number is 8865-DBBE

 Directory of D:\mygithub\demo\.git

12/01/2021  09:17 AM                24 COMMIT_EDITMSG
12/01/2021  09:06 AM               130 config
12/01/2021  09:06 AM                73 description
12/01/2021  09:06 AM                23 HEAD
12/01/2021  09:06 AM    <DIR>          hooks
12/01/2021  09:17 AM               137 index
12/01/2021  09:06 AM    <DIR>          info
12/01/2021  09:17 AM    <DIR>          logs
12/01/2021  09:06 AM    <DIR>          objects
12/01/2021  09:06 AM    <DIR>          refs
               5 File(s)            387 bytes
               5 Dir(s)  151,555,145,728 bytes free

D:\mygithub\demo\.git>cd ..


//deleting git folder

D:\mygithub\demo>Del .git
D:\mygithub\demo\.git\*, Are you sure (Y/N)? y

D:\mygithub\demo>dir
 Volume in drive D is ROHIT
 Volume Serial Number is 8865-DBBE
 
 
 
 // Now checking the git status  :: git not available
 
 D:\mygithub\demo>git status
fatal: not a git repository (or any of the parent directories): .git


//Initialize empty git repo now

D:\mygithub\demo>git init .
Initialized empty Git repository in D:/mygithub/demo/.git/


//Git status

D:\mygithub\demo>git status
On branch master
Changes to be committed:
  (use "git restore --staged <file>..." to unstage)
        deleted:    README.md

Untracked files:
  (use "git add <file>..." to include in what will be committed)
        README.md


//Creating new file LICENSE

D:\mygithub\demo>notepad++ LICENCSE.md

//Checking new git staus now:

D:\mygithub\demo>git status
On branch master
Changes to be committed:
  (use "git restore --staged <file>..." to unstage)
        deleted:    README.md

Untracked files:
  (use "git add <file>..." to include in what will be committed)
        ++ LICENSE.md
        LICENCSE.md
        README.md


//Using git add command 

D:\mygithub\demo>git add .

D:\mygithub\demo>git status
On branch master
Changes to be committed:
  (use "git restore --staged <file>..." to unstage)
        new file:   ++ LICENSE.md
        new file:   LICENCSE.md


//now it is aborting commmit due to empty commit msg

D:\mygithub\demo>git commit
Aborting commit due to empty commit message.


//new github  commit with commit msg

D:\mygithub\demo>git commit -m"new files added"
[master 1b6db31] new files added
 2 files changed, 2 insertions(+)
 create mode 100644 ++ LICENSE.md
 create mode 100644 LICENCSE.md


//Chceking git logs

D:\mygithub\demo>git log
commit 1b6db3172af397ec0a0608eab6db078271b69b8c (HEAD -> master)
Author: rohit balage <thatcomputerboy26@gmail.com>
Date:   Tue Jan 12 09:50:01 2021 +0530

    new files added

commit 450b1034221b202d2f5149dfd816bfdc6f1c7b22
Author: rohit balage <thatcomputerboy26@gmail.com>
Date:   Tue Jan 12 09:17:01 2021 +0530

    first file in demo repo

D:\mygithub\demo>git show
commit 1b6db3172af397ec0a0608eab6db078271b69b8c (HEAD -> master)
Author: rohit balage <thatcomputerboy26@gmail.com>
Date:   Tue Jan 12 09:50:01 2021 +0530

    new files added
	
	
//Shwoing git log as who is commit  last

D:\mygithub\demo>git show
commit 1b6db3172af397ec0a0608eab6db078271b69b8c (HEAD -> master)
Author: rohit balage <thatcomputerboy26@gmail.com>
Date:   Tue Jan 12 09:50:01 2021 +0530

    new files added

diff --git a/++ LICENSE.md b/++ LICENSE.md
new file mode 100644
index 0000000..e69de29
diff --git a/LICENCSE.md b/LICENCSE.md
new file mode 100644
index 0000000..6fa6780
--- /dev/null
+++ b/LICENCSE.md
@@ -0,0 +1,2 @@
+#LICENSE
+## Apache 2.0
\ No newline at end of file


//Checking git staus
D:\mygithub\demo>git status
On branch master
Untracked files:
  (use "git add <file>..." to include in what will be committed)
        _multiInst

nothing added to commit but untracked files present (use "git add" to track)

D:\mygithub\demo>notepad++ README.md

D:\mygithub\demo>git status
On branch master
Changes not staged for commit:
  (use "git add <file>..." to update what will be committed)
  (use "git restore <file>..." to discard changes in working directory)
        modified:   README.md

Untracked files:
  (use "git add <file>..." to include in what will be committed)
        _multiInst

no changes added to commit (use "git add" and/or "git commit -a")

//Chceking git fils:

D:\mygithub\demo>git ls-files
++ LICENSE.md
LICENCSE.md
README.md

// Un-do Modified  commit in git :

//first check go to the project directory and open file and modify it
D:\mygithub\demo>notepad++ README.md

//after modifying add it to git 

D:\mygithub\demo>git add .

//Chceking git status by git status command

D:\mygithub\demo>git status
On branch master
Changes to be committed:
  (use "git restore --staged <file>..." to unstage)
        modified:   README.md
        new file:   _multiInst

//now un do the modification you do 

D:\mygithub\demo>git reset HEAD README.md
Unstaged changes after reset:
M       README.md


//checkout file README.md 
D:\mygithub\demo>git checkout -- README.md


//now check the git status ? and says no changes has been made

D:\mygithub\demo>git status
On branch master
Changes to be committed:
  (use "git restore --staged <file>..." to unstage)
        new file:   _multiInst
		
// Finally open the file and see the uncommit:

D:\mygithub\demo>notepad++ README.md



//History and making New commands with Alias:

//Command to provide history for all the branches 

D:\mygithub\demo>git log --oneline --graph --decorate --all
* e528a4a (HEAD -> master) updating README
* 1b6db31 new files added
* 450b103 first file in demo repo


// Now use alias to the command:  (here hist is a mannual name written)
D:\mygithub\demo>git config --global alias.hist "log --oneline --graph --decorate --all"

D:\mygithub\demo>git config --global --list
filter.lfs.clean=git-lfs clean -- %f
filter.lfs.smudge=git-lfs smudge -- %f
filter.lfs.process=git-lfs filter-process
filter.lfs.required=true
user.email=thatcomputerboy26@gmail.com
user.name=rohit balage
core.editor=notepad++ _multiInst -nosession
diff.tool=p4merge
difftool.p4merge.path=C:/Program Files/Perforce/p4merge.exe
difftool.prompt=false
merge.tool=p4merge
mergetool.p4merge.path=C:/Program Files/Perforce/p4merge.exe
alias.hist=log --oneline --graph --decorate --all


// Now using actual hist command to get the same output:

D:\mygithub\demo>git hist
* e528a4a (HEAD -> master) updating README
* 1b6db31 new files added
* 450b103 first file in demo repo

//RENAME AND DELETE COMMAND 

//Creating new file:
D:\mygithub\demo>notepad++ example.txt

//ADDING IT INTO GIT 

D:\mygithub\demo>git add example.txt

//COMMITING GIT FILE 
D:\mygithub\demo>git commit -m "this is my new file example text"
[master c78e64b] this is my new file example text
 2 files changed, 1 insertion(+)
 create mode 100644 _multiInst
 create mode 100644 example.txt

//Renaming my example.txt to demo.txt

D:\mygithub\demo>git mv example.txt demo.txt

//Checking git status 
D:\mygithub\demo>git status
On branch master
Changes to be committed:
  (use "git restore --staged <file>..." to unstage)
        renamed:    example.txt -> demo.txt


//now commiting the changes :
D:\mygithub\demo>git commit -m"renaming example"
[master cbd4338] renaming example
 1 file changed, 0 insertions(+), 0 deletions(-)
 rename example.txt => demo.txt (100%)
 
 //Deleting the file demo.txt
 
 D:\mygithub\demo>git rm demo.txt
rm 'demo.txt'


//Checking the git  status 

D:\mygithub\demo>git status
On branch master
Changes to be committed:
  (use "git restore --staged <file>..." to unstage)
        deleted:    demo.txt



//deleting the demo.txt file

D:\mygithub\demo>git commit -m"deleting demo file"
[master ec07d0f] deleting demo file
 1 file changed, 1 deletion(-)
 delete mode 100644 demo.txt
 
 
 //RENAME AND DELETE FILE OUTSIDE GIT:
 
 
 
 
 // DIFF TOOL IN GIT 
 
 D:\mygithub\demo>notepad++ README.md 
 
 
 // now check the git status 
 
 
D:\mygithub\demo>git status
On branch master
Changes to be committed:
  (use "git restore --staged <file>..." to unstage)
        new file:   .gitignore

// use git diff tool now: to see what changes you have done till now

D:\mygithub\demo>git diff
diff --git a/README.md b/README.md
index a274770..3cd8ff7 100644
--- a/README.md
+++ b/README.md
@@ -2,4 +2,6 @@

 This is a simple readme file

-This is new edit
\ No newline at end of file
+This is new edit
+
+this is new modification

// USING GIT TOOL P4 MERGE

D:\mygithub\demo>git difftool    //CHECK WHAT CHENGES YOU HAVE DONE IN NEW AND OLD FILE IN P4 MERGE


//GIT HELP PAGE:

D:\mygithub\demo>git help diff

//BRANCHING AND MERGING:

// TO CHECK OUT WHICH BRANCH YOU ARE CURRENTLY IN :

D:\mygithub\demo>git branch
* master

// CREATE NEW BRANCH:updates

D:\mygithub\demo>git checkout -b updates
Switched to a new branch 'updates'

//NOW OPEN FILE README.md and mofity it


D:\mygithub\demo>notepad++ README.md

// ADD NEW FILE ON BRANCH NOW;

D:\mygithub\demo>git add .

// COMMIT THE CHANGES:

D:\mygithub\demo>git commit -m "adding updates from branch"
[updates 0c3a294] adding updates from branch
 3 files changed, 5 insertions(+), 1 deletion(-)
 create mode 100644 .gitignore
 create mode 100644 my_file.txt
 
 
 // CHECK GIT STATUS  (Here you will see that your head is on the updates branch)
 
 D:\mygithub\demo>git hist
* 0c3a294 (HEAD -> updates) adding updates from branch
* ec07d0f (master) deleting demo file
* cbd4338 renaming example
* c78e64b this is my new file example text
* e528a4a updating README
* 1b6db31 new files added
* 450b103 first file in demo repo



// USE DIFF TOOL TO CHECK WHAT YOU HAVE ACTUALLY CHANGED

D:\mygithub\demo>git diff

D:\mygithub\demo>git diff updates master
diff --git a/.gitignore b/.gitignore
deleted file mode 100644
index 954563e..0000000
--- a/.gitignore
+++ /dev/null
@@ -1 +0,0 @@
-*.log
\ No newline at end of file
diff --git a/README.md b/README.md
index 4748634..a274770 100644
--- a/README.md
+++ b/README.md
@@ -2,6 +2,4 @@

 This is a simple readme file

-This is new edit
-
-this is new modification, on a branch
\ No newline at end of file
+This is new edit
\ No newline at end of file
diff --git a/my_file.txt b/my_file.txt
deleted file mode 100644
index 8b13789..0000000
--- a/my_file.txt
+++ /dev/null
@@ -1 +0,0 @@
-


// NOW CHANGE BRANCH TO MASTER:


D:\mygithub\demo>git checkout master
Switched to branch 'master'


// NOW CHECK GIT STATUS AND YOU WILL SEE HEAD IS ON THE MASTER BRANCH
D:\mygithub\demo>git hist
* 0c3a294 (updates) adding updates from branch
* ec07d0f (HEAD -> master) deleting demo file
* cbd4338 renaming example
* c78e64b this is my new file example text
* e528a4a updating README
* 1b6db31 new files added
* 450b103 first file in demo repo


// MERGE UPDATE BRANCH WITH MAIN BRANCH

D:\mygithub\demo>git merge updates
Updating ec07d0f..0c3a294
Fast-forward
 .gitignore  | 1 +
 README.md   | 4 +++-
 my_file.txt | 1 +
 3 files changed, 5 insertions(+), 1 deletion(-)
 create mode 100644 .gitignore
 create mode 100644 my_file.txt
 
 // CHECK GIT STATUS Now
 
 D:\mygithub\demo>git hist
* 0c3a294 (HEAD -> master, updates) adding updates from branch
* ec07d0f deleting demo file
* cbd4338 renaming example
* c78e64b this is my new file example text
* e528a4a updating README
* 1b6db31 new files added
* 450b103 first file in demo repo

//DELETE BRANCH Updates 

D:\mygithub\demo>git branch -d updates
Deleted branch updates (was 0c3a294).

//Now CHECK CURRENT BRANCH:
D:\mygithub\demo>git branch
* master


// check git history:

D:\mygithub\demo>git hist
* 0c3a294 (HEAD -> master) adding updates from branch
* ec07d0f deleting demo file
* cbd4338 renaming example
* c78e64b this is my new file example text
* e528a4a updating README
* 1b6db31 new files added
* 450b103 first file in demo repo





 



			   